// Jest Snapshot v1, https://goo.gl/fbAQLP

exports[`renders StepFour 1`] = `
Object {
  "asFragment": [Function],
  "baseElement": <body>
    <div>
      <div
        id="loginFour"
      >
        <div
          class="container"
        >
          <div
            class="iconClass"
          >
            <img
              alt="circletick"
              class="circle_tick"
              src="https://i.imgur.com/gwxWVOi.jpg"
            />
          </div>
          <h2
            class="text-center displayText"
          >
            Congratulations, 
            Joseph
            !
          </h2>
          <h6
            class="text-center displaySubText"
          >
            You have completed onboarding, you can start using the Eden!
          </h6>
          <div
            class="row justify-content-center align-items-center"
            id="login-row"
          >
            <div
              class="col-md-11"
              id="login-column"
            >
              <div
                class="col-md-12"
                id="login-box"
              >
                <form
                  class="form"
                  id="login-form"
                >
                  <div
                    class="form-group"
                  >
                    <input
                      class="button"
                      id="buttonEden"
                      name="Launch Eden"
                      type="submit"
                      value="Launch Eden"
                    />
                  </div>
                </form>
              </div>
            </div>
          </div>
        </div>
      </div>
    </div>
  </body>,
  "container": <div>
    <div
      id="loginFour"
    >
      <div
        class="container"
      >
        <div
          class="iconClass"
        >
          <img
            alt="circletick"
            class="circle_tick"
            src="https://i.imgur.com/gwxWVOi.jpg"
          />
        </div>
        <h2
          class="text-center displayText"
        >
          Congratulations, 
          Joseph
          !
        </h2>
        <h6
          class="text-center displaySubText"
        >
          You have completed onboarding, you can start using the Eden!
        </h6>
        <div
          class="row justify-content-center align-items-center"
          id="login-row"
        >
          <div
            class="col-md-11"
            id="login-column"
          >
            <div
              class="col-md-12"
              id="login-box"
            >
              <form
                class="form"
                id="login-form"
              >
                <div
                  class="form-group"
                >
                  <input
                    class="button"
                    id="buttonEden"
                    name="Launch Eden"
                    type="submit"
                    value="Launch Eden"
                  />
                </div>
              </form>
            </div>
          </div>
        </div>
      </div>
    </div>
  </div>,
  "debug": [Function],
  "findAllByAltText": [Function],
  "findAllByDisplayValue": [Function],
  "findAllByLabelText": [Function],
  "findAllByPlaceholderText": [Function],
  "findAllByRole": [Function],
  "findAllByTestId": [Function],
  "findAllByText": [Function],
  "findAllByTitle": [Function],
  "findByAltText": [Function],
  "findByDisplayValue": [Function],
  "findByLabelText": [Function],
  "findByPlaceholderText": [Function],
  "findByRole": [Function],
  "findByTestId": [Function],
  "findByText": [Function],
  "findByTitle": [Function],
  "getAllByAltText": [Function],
  "getAllByDisplayValue": [Function],
  "getAllByLabelText": [Function],
  "getAllByPlaceholderText": [Function],
  "getAllByRole": [Function],
  "getAllByTestId": [Function],
  "getAllByText": [Function],
  "getAllByTitle": [Function],
  "getByAltText": [Function],
  "getByDisplayValue": [Function],
  "getByLabelText": [Function],
  "getByPlaceholderText": [Function],
  "getByRole": [Function],
  "getByTestId": [Function],
  "getByText": [Function],
  "getByTitle": [Function],
  "queryAllByAltText": [Function],
  "queryAllByDisplayValue": [Function],
  "queryAllByLabelText": [Function],
  "queryAllByPlaceholderText": [Function],
  "queryAllByRole": [Function],
  "queryAllByTestId": [Function],
  "queryAllByText": [Function],
  "queryAllByTitle": [Function],
  "queryByAltText": [Function],
  "queryByDisplayValue": [Function],
  "queryByLabelText": [Function],
  "queryByPlaceholderText": [Function],
  "queryByRole": [Function],
  "queryByTestId": [Function],
  "queryByText": [Function],
  "queryByTitle": [Function],
  "rerender": [Function],
  "unmount": [Function],
}
`;
