// Jest Snapshot v1, https://goo.gl/fbAQLP

exports[`renders StepThree 1`] = `
Object {
  "asFragment": [Function],
  "baseElement": <body>
    <div>
      <div
        id="loginThree"
      >
        <div
          class="container col-md-12 col-9"
        >
          <h6
            class="text-center subText"
          >
            We'll streamline your setup experience accordingly.
          </h6>
          <div
            class="row justify-content-center align-items-center"
            id="login-row"
          >
            <div
              class="col-md-11"
              id="login-column"
            >
              <div
                class="col-md-12"
                id="login-box"
              >
                <form
                  class="form"
                  id="login-form"
                >
                  <div
                    class="form-group"
                  >
                    <div
                      class="btn-group"
                    >
                      <button
                        id="btn_myself"
                        type="button"
                      >
                        <svg
                          class="bi bi-person-fill"
                          fill="currentColor"
                          height="27"
                          id="svgPerson"
                          viewBox="0 0 16 14"
                          width="27"
                          xmlns="http://www.w3.org/2000/svg"
                        >
                          <path
                            d="M3 14s-1 0-1-1 1-4 6-4 6 3 6 4-1 1-1 1H3zm5-6a3 3 0 1 0 0-6 3 3 0 0 0 0 6z"
                          />
                        </svg>
                        <h5
                          class="mt-2"
                        >
                          For myself
                        </h5>
                        <h6>
                          Write better. Think more clearly. Stay organized.
                        </h6>
                      </button>
                      <button
                        id="btn_team"
                        type="button"
                      >
                        <img
                          alt="team"
                          class="team-logo"
                          src="https://i.imgur.com/op4AsSO.png"
                        />
                        <h5
                          class="mt-3"
                        >
                          With my team
                        </h5>
                        <h6>
                          Wikis, docs, tasks & projects, all in one place.
                        </h6>
                      </button>
                    </div>
                  </div>
                  <div
                    class="form-group"
                  >
                    <input
                      class="button"
                      name="Create Workspace"
                      type="submit"
                      value="Create Workspace"
                    />
                  </div>
                </form>
              </div>
            </div>
          </div>
        </div>
      </div>
    </div>
  </body>,
  "container": <div>
    <div
      id="loginThree"
    >
      <div
        class="container col-md-12 col-9"
      >
        <h6
          class="text-center subText"
        >
          We'll streamline your setup experience accordingly.
        </h6>
        <div
          class="row justify-content-center align-items-center"
          id="login-row"
        >
          <div
            class="col-md-11"
            id="login-column"
          >
            <div
              class="col-md-12"
              id="login-box"
            >
              <form
                class="form"
                id="login-form"
              >
                <div
                  class="form-group"
                >
                  <div
                    class="btn-group"
                  >
                    <button
                      id="btn_myself"
                      type="button"
                    >
                      <svg
                        class="bi bi-person-fill"
                        fill="currentColor"
                        height="27"
                        id="svgPerson"
                        viewBox="0 0 16 14"
                        width="27"
                        xmlns="http://www.w3.org/2000/svg"
                      >
                        <path
                          d="M3 14s-1 0-1-1 1-4 6-4 6 3 6 4-1 1-1 1H3zm5-6a3 3 0 1 0 0-6 3 3 0 0 0 0 6z"
                        />
                      </svg>
                      <h5
                        class="mt-2"
                      >
                        For myself
                      </h5>
                      <h6>
                        Write better. Think more clearly. Stay organized.
                      </h6>
                    </button>
                    <button
                      id="btn_team"
                      type="button"
                    >
                      <img
                        alt="team"
                        class="team-logo"
                        src="https://i.imgur.com/op4AsSO.png"
                      />
                      <h5
                        class="mt-3"
                      >
                        With my team
                      </h5>
                      <h6>
                        Wikis, docs, tasks & projects, all in one place.
                      </h6>
                    </button>
                  </div>
                </div>
                <div
                  class="form-group"
                >
                  <input
                    class="button"
                    name="Create Workspace"
                    type="submit"
                    value="Create Workspace"
                  />
                </div>
              </form>
            </div>
          </div>
        </div>
      </div>
    </div>
  </div>,
  "debug": [Function],
  "findAllByAltText": [Function],
  "findAllByDisplayValue": [Function],
  "findAllByLabelText": [Function],
  "findAllByPlaceholderText": [Function],
  "findAllByRole": [Function],
  "findAllByTestId": [Function],
  "findAllByText": [Function],
  "findAllByTitle": [Function],
  "findByAltText": [Function],
  "findByDisplayValue": [Function],
  "findByLabelText": [Function],
  "findByPlaceholderText": [Function],
  "findByRole": [Function],
  "findByTestId": [Function],
  "findByText": [Function],
  "findByTitle": [Function],
  "getAllByAltText": [Function],
  "getAllByDisplayValue": [Function],
  "getAllByLabelText": [Function],
  "getAllByPlaceholderText": [Function],
  "getAllByRole": [Function],
  "getAllByTestId": [Function],
  "getAllByText": [Function],
  "getAllByTitle": [Function],
  "getByAltText": [Function],
  "getByDisplayValue": [Function],
  "getByLabelText": [Function],
  "getByPlaceholderText": [Function],
  "getByRole": [Function],
  "getByTestId": [Function],
  "getByText": [Function],
  "getByTitle": [Function],
  "queryAllByAltText": [Function],
  "queryAllByDisplayValue": [Function],
  "queryAllByLabelText": [Function],
  "queryAllByPlaceholderText": [Function],
  "queryAllByRole": [Function],
  "queryAllByTestId": [Function],
  "queryAllByText": [Function],
  "queryAllByTitle": [Function],
  "queryByAltText": [Function],
  "queryByDisplayValue": [Function],
  "queryByLabelText": [Function],
  "queryByPlaceholderText": [Function],
  "queryByRole": [Function],
  "queryByTestId": [Function],
  "queryByText": [Function],
  "queryByTitle": [Function],
  "rerender": [Function],
  "unmount": [Function],
}
`;
